// Jest Snapshot v1, https://goo.gl/fbAQLP

exports[` <AppHeader/> match snapshot 1`] = `
<div
  class="sc-bdVaJa mjvwZ"
>
  <h1>
    Test
  </h1>
</div>
`;
